[stage p] A=1: in box 0 / field_ok 0 / +events 0 of 260; min MAE_N 2.8 min|eps| 0.02 min eps_R 1.41
[stage p] A=2: in box 4 / field_ok 4 / +events 2 of 260; min MAE_N 2.4 min|eps| 0.01 min eps_R 0.17
[stage p] A=3: in box 12 / field_ok 0 / +events 0 of 260; min MAE_N 1.7 min|eps| 0.01 min eps_R 0.14
[stage p] A=4: in box 12 / field_ok 0 / +events 0 of 260; min MAE_N 1.7 min|eps| 0.00 min eps_R 0.14
[stage p] A=5: in box 10 / field_ok 0 / +events 0 of 260; min MAE_N 1.9 min|eps| 0.01 min eps_R 0.17
[stage p] A=6: in box 8 / field_ok 0 / +events 0 of 260; min MAE_N 1.7 min|eps| 0.02 min eps_R 0.14
[stage p] A=7: in box 8 / field_ok 0 / +events 0 of 260; min MAE_N 1.0 min|eps| 0.01 min eps_R 0.11
[stage p] A=8: in box 8 / field_ok 0 / +events 0 of 260; min MAE_N 0.7 min|eps| 0.01 min eps_R 0.02
[stage p] A=9: in box 8 / field_ok 0 / +events 0 of 260; min MAE_N 0.9 min|eps| 0.00 min eps_R 0.11
[stage p] A=10: in box 8 / field_ok 0 / +events 0 of 260; min MAE_N 0.6 min|eps| 0.00 min eps_R 0.06
[stage p] wrote /Users/yuanmingchen/Desktop/Research/SUMO/analysis/out/e13/prehull13.json
[stage a] A = [1, 2, 3, 4, 5, 6, 7, 8, 9, 10] on 10 processes
  A=4 lam0: C3 kc=1.095e+01 kr=1.001e+00 g=None ws=0.6073934105253697 W1=135.9 Ns=27.9 om=-0.38 epsR=6.39 tau=0.3524591773718274 J=0.787 (cl 1.000) [grid]
  A=1 lam0: C3 kc=6.643e-02 kr=2.506e-03 g=None ws=0.5884748904757023 W1=143.3 Ns=11.3 om=-0.13 epsR=2.20 tau=179.71528712255744 J=0.825 (cl 1.000) [grid]
  A=9 lam0: C3 kc=3.616e+01 kr=3.133e+00 g=None ws=0.5697256006034916 W1=144.0 Ns=41.1 om=-0.36 epsR=7.90 tau=0.10983714672422557 J=0.767 (cl 1.000) [grid]
  A=6 lam0: C3 kc=3.260e+01 kr=2.845e+00 g=None ws=0.5975874064688143 W1=141.5 Ns=37.9 om=-0.38 epsR=7.70 tau=0.12060740183358033 J=0.781 (cl 1.000) [grid]
  A=5 lam0: C3 kc=3.504e+01 kr=3.112e+00 g=None ws=0.6178702542570951 W1=134.9 Ns=33.5 om=-0.38 epsR=7.60 tau=0.1106686676552544 J=0.776 (cl 1.000) [grid]
  A=2 lam0: C3 kc=8.627e-02 kr=6.402e-03 g=None ws=0.5980767996858065 W1=124.6 Ns=6.0 om=-0.14 epsR=1.10 tau=63.58336303390832 J=0.734 (cl 1.000) [grid]
  A=10 lam0: C3 kc=2.083e+01 kr=1.751e+00 g=None ws=0.5786277434371541 W1=146.0 Ns=45.2 om=-0.38 epsR=7.78 tau=0.19451800488570115 J=0.767 (cl 1.000) [grid]
  A=8 lam0: C3 kc=3.379e+01 kr=2.935e+00 g=None ws=0.5869348416313752 W1=143.1 Ns=40.3 om=-0.37 epsR=8.08 tau=0.11694130077789702 J=0.760 (cl 1.000) [grid]
  A=7 lam0: C3 kc=2.256e+01 kr=1.977e+00 g=None ws=0.5949200045873537 W1=143.2 Ns=38.5 om=-0.38 epsR=7.67 tau=0.1740749920710957 J=0.771 (cl 1.000) [grid]
  A=3 lam0: C3 kc=1.708e+00 kr=1.874e-01 g=None ws=0.5093769380820402 W1=130.1 Ns=14.5 om=-0.19 epsR=4.40 tau=2.095547180103482 J=0.777 (cl 1.000) [grid]
  A=4 lam0.01: C4 kc=4.941e-01 kr=3.503e-02 g=0.7113771058681913 ws=0.5007273793220519 W1=145.0 Ns=18.1 om=-0.17 epsR=3.13 tau=10.77667915165944 J=0.894 (cl 1.044) [grid]
  A=1 lam0.01: C4 kc=1.287e-01 kr=1.605e-03 g=0.33793382056751403 ws=0.5377842909758412 W1=142.4 Ns=12.8 om=-0.08 epsR=1.90 tau=266.71636699968195 J=0.844 (cl 1.025) [continuation]
  A=2 lam0.01: C4 kc=8.700e-02 kr=1.966e-03 g=0.43549816063828556 ws=0.5477363227396488 W1=125.4 Ns=5.1 om=-0.08 epsR=0.27 tau=197.43170866145488 J=0.748 (cl 1.047) [grid]
  A=6 lam0.01: C4 kc=7.982e-01 kr=4.454e-02 g=0.5040421827052433 ws=0.5005355834960937 W1=156.1 Ns=20.1 om=-0.19 epsR=3.45 tau=9.056388752520512 J=0.930 (cl 1.040) [grid]
  A=5 lam0.01: C4 kc=4.495e-01 kr=2.703e-02 g=0.6200980617099245 ws=0.5084027349948883 W1=148.3 Ns=20.5 om=-0.18 epsR=3.03 tau=14.163880564190903 J=0.910 (cl 1.041) [grid]
  A=10 lam0.01: C4 kc=7.211e-01 kr=3.760e-02 g=0.49434940804110256 ws=0.5005355834960937 W1=166.3 Ns=23.8 om=-0.19 epsR=3.79 tau=10.552814709798131 J=0.969 (cl 1.034) [grid]
  A=9 lam0.01: C4 kc=6.806e-01 kr=3.962e-02 g=0.5687984064999703 ws=0.5012565612792969 W1=162.5 Ns=23.8 om=-0.18 epsR=3.55 tau=9.822452317960016 J=0.949 (cl 1.037) [grid]
  A=8 lam0.01: C4 kc=9.369e-01 kr=4.421e-02 g=0.39468936807242805 ws=0.5003539085388183 W1=161.3 Ns=20.6 om=-0.20 epsR=3.71 tau=9.588983824718177 J=0.945 (cl 1.035) [grid]
  A=7 lam0.01: C4 kc=3.504e-01 kr=1.805e-02 g=0.5365196200858113 ws=0.5 W1=158.5 Ns=21.5 om=-0.14 epsR=3.06 tau=20.958028758485995 J=0.923 (cl 1.036) [grid]
  A=3 lam0.01: C4 kc=3.568e-01 kr=2.238e-02 g=0.6182024073961108 ws=0.5317493593676588 W1=130.5 Ns=14.8 om=-0.18 epsR=2.58 tau=17.875884215345064 J=0.827 (cl 1.044) [grid]
  A=1 lam0.02: C4 kc=1.222e-01 kr=1.459e-03 g=0.3378012873319636 ws=0.5410588887548327 W1=143.0 Ns=14.0 om=-0.07 epsR=1.80 tau=293.2011286741657 J=0.869 (cl 1.051) [continuation]
  A=4 lam0.02: C4 kc=6.188e-01 kr=2.987e-02 g=0.42744712358181597 ws=0.5043058037757874 W1=144.7 Ns=16.1 om=-0.19 epsR=2.84 tau=13.673521434747732 J=0.940 (cl 1.087) [grid]
  A=10 lam0.02: C4 kc=3.472e-01 kr=1.020e-02 g=0.31004288358691745 ws=0.5 W1=169.7 Ns=22.9 om=-0.15 epsR=2.68 tau=38.46310765148339 J=1.052 (cl 1.067) [continuation]
  A=9 lam0.02: C4 kc=4.260e-01 kr=1.740e-02 g=0.4199679045448263 ws=0.5082429409027099 W1=163.9 Ns=23.8 om=-0.18 epsR=2.85 tau=22.62528588136766 J=1.025 (cl 1.074) [continuation]
  A=6 lam0.02: C4 kc=8.356e-01 kr=2.387e-02 g=0.20719029406704131 ws=0.5 W1=156.7 Ns=16.9 om=-0.21 epsR=2.68 tau=19.30385712768784 J=0.980 (cl 1.080) [continuation]
  A=5 lam0.02: C4 kc=3.010e-01 kr=1.279e-02 g=0.45830014354235193 ws=0.5 W1=150.3 Ns=19.0 om=-0.14 epsR=2.36 tau=29.67406969546216 J=0.959 (cl 1.083) [continuation]
  A=2 lam0.02: C4 kc=9.304e-02 kr=1.689e-03 g=0.3644829628029577 ws=0.5210958379364745 W1=125.6 Ns=5.2 om=-0.05 epsR=0.19 tau=223.65669978090378 J=0.753 (cl 1.094) [continuation]
  A=3 lam0.02: C4 kc=2.562e-01 kr=1.386e-02 g=0.5721649535842503 ws=0.5 W1=131.5 Ns=14.6 om=-0.12 epsR=2.23 tau=26.940181002275683 J=0.866 (cl 1.088) [continuation]
  A=7 lam0.02: C4 kc=2.853e-01 kr=1.138e-02 g=0.43239964504278 ws=0.5 W1=159.7 Ns=21.0 om=-0.13 epsR=2.66 tau=33.41369354145757 J=0.989 (cl 1.071) [continuation]
  A=8 lam0.02: C4 kc=4.725e-01 kr=1.657e-02 g=0.3269572784400081 ws=0.5036358594894409 W1=163.2 Ns=21.0 om=-0.16 epsR=2.93 tau=24.4715284324898 J=1.026 (cl 1.070) [continuation]
  A=1 lam0.03: C4 kc=7.453e-02 kr=2.887e-04 g=0.46753257292855305 ws=0.539098036136313 W1=145.4 Ns=13.8 om=-0.04 epsR=1.02 tau=1470.9117447754863 J=0.879 (cl 1.076) [grid]
  A=4 lam0.03: C4 kc=2.633e-01 kr=7.643e-03 g=0.32007236452171367 ws=0.5 W1=148.4 Ns=16.5 om=-0.14 epsR=1.79 tau=50.53556593043059 J=0.975 (cl 1.131) [continuation]
  A=6 lam0.03: C4 kc=3.593e-01 kr=4.696e-03 g=0.12732057713623612 ws=0.5 W1=159.4 Ns=18.3 om=-0.16 epsR=1.53 tau=88.36742671923707 J=1.015 (cl 1.120) [continuation]
  A=2 lam0.03: C4 kc=6.229e-02 kr=1.215e-03 g=0.5405076153527335 ws=0.5 W1=127.1 Ns=4.8 om=-0.01 epsR=0.01 tau=300.3858070599772 J=0.755 (cl 1.141) [grid]
  A=10 lam0.03: C4 kc=2.254e-01 kr=5.007e-03 g=0.28604929806256524 ws=0.5 W1=172.9 Ns=22.7 om=-0.13 epsR=2.13 tau=77.63654204253118 J=1.128 (cl 1.101) [continuation]
  A=5 lam0.03: C4 kc=5.933e-01 kr=1.483e-02 g=0.1938706923737442 ws=0.5009019851684571 W1=148.6 Ns=15.3 om=-0.18 epsR=2.21 tau=29.644661245854852 J=0.988 (cl 1.124) [continuation]
  A=9 lam0.03: C4 kc=2.066e-01 kr=4.427e-03 g=0.2880953403392044 ws=0.5 W1=169.9 Ns=21.9 om=-0.13 epsR=1.72 tau=87.66192877335521 J=1.082 (cl 1.111) [continuation]
  A=3 lam0.03: C4 kc=1.845e-01 kr=5.316e-03 g=0.34424389098369335 ws=0.5049583435058593 W1=133.9 Ns=13.1 om=-0.11 epsR=1.39 tau=71.78273055050667 J=0.889 (cl 1.132) [continuation]
  A=7 lam0.03: C4 kc=2.208e-01 kr=3.928e-03 g=0.22288835713377736 ws=0.5 W1=163.0 Ns=19.3 om=-0.11 epsR=1.75 tau=99.05942764118278 J=1.034 (cl 1.107) [continuation]
  A=8 lam0.03: C4 kc=3.606e-01 kr=7.854e-03 g=0.2124789504139598 ws=0.5134129335733699 W1=165.5 Ns=20.1 om=-0.16 epsR=2.27 tau=53.03555572104623 J=1.092 (cl 1.105) [continuation]
  A=1 lam0.05: C3 kc=3.901e-02 kr=2.070e-05 g=None ws=0.5405434527197477 W1=149.2 Ns=14.9 om=-0.00 epsR=0.22 tau=20240.484495488596 J=0.879 (cl 1.127) [continuation]
  A=4 lam0.05: C4 kc=1.028e-01 kr=1.812e-03 g=0.3646878196405292 ws=0.5 W1=158.9 Ns=13.8 om=-0.07 epsR=0.70 tau=207.71550246832433 J=1.030 (cl 1.218) [continuation]
  A=2 lam0.05: C4 kc=7.087e-02 kr=1.225e-03 g=0.45238671165077526 ws=0.5 W1=126.8 Ns=4.8 om=-0.01 epsR=0.01 tau=298.30467138572874 J=0.759 (cl 1.235) [continuation]
  A=6 lam0.05: C4 kc=2.005e-01 kr=1.032e-03 g=0.10550612613225704 ws=0.5 W1=166.1 Ns=17.7 om=-0.11 epsR=0.57 tau=380.38028241812407 J=1.079 (cl 1.199) [continuation]
  A=10 lam0.05: C4 kc=7.861e-02 kr=5.376e-04 g=0.37413180147236913 ws=0.5 W1=185.4 Ns=19.3 om=-0.06 epsR=0.69 tau=711.3388581256067 J=1.216 (cl 1.169) [grid]
  A=5 lam0.05: C4 kc=7.456e-01 kr=5.054e-03 g=9.748017787933349e-05 ws=0.5 W1=157.5 Ns=7.5 om=-0.19 epsR=0.73 tau=102.69180048927956 J=1.023 (cl 1.207) [continuation]
  A=3 lam0.05: C4 kc=9.123e-02 kr=1.110e-03 g=0.33186355998576944 ws=0.5 W1=139.4 Ns=12.1 om=-0.06 epsR=0.35 tau=336.3296499039461 J=0.912 (cl 1.220) [continuation]
  A=9 lam0.05: C4 kc=1.548e-01 kr=7.081e-04 g=0.14369225032741245 ws=0.5 W1=176.6 Ns=19.5 om=-0.09 epsR=0.48 tau=548.0571233616042 J=1.145 (cl 1.185) [continuation]
  A=7 lam0.05: C4 kc=5.783e-02 kr=5.842e-04 g=0.5390780497734107 ws=0.5 W1=176.4 Ns=16.4 om=-0.02 epsR=0.56 tau=640.5045908729675 J=1.106 (cl 1.178) [grid]
  A=8 lam0.05: C4 kc=7.279e-02 kr=6.004e-04 g=0.4040342271769354 ws=0.5 W1=181.3 Ns=17.6 om=-0.03 epsR=0.64 tau=628.4723491266309 J=1.180 (cl 1.174) [grid]
  A=1 lam0.07: C3 kc=3.896e-02 kr=1.000e-05 g=None ws=0.5438914405913295 W1=149.1 Ns=14.8 om=-0.00 epsR=0.12 tau=42075.428170508705 J=0.881 (cl 1.178) [continuation]
  A=4 lam0.07: C4 kc=6.008e-02 kr=1.015e-03 g=0.5782648925404206 ws=0.5 W1=164.4 Ns=12.5 om=-0.03 epsR=0.33 tau=366.5195190513212 J=1.058 (cl 1.305) [grid]
  A=2 lam0.07: C4 kc=7.013e-02 kr=1.227e-03 g=0.4573103763457092 ws=0.5 W1=127.0 Ns=4.7 om=-0.01 epsR=0.01 tau=297.48364400429955 J=0.764 (cl 1.329) [continuation]
  A=6 lam0.07: C4 kc=1.557e-01 kr=7.303e-04 g=0.1358561394632578 ws=0.5 W1=170.0 Ns=17.0 om=-0.09 epsR=0.39 tau=527.4121967755352 J=1.138 (cl 1.279) [continuation]
  A=5 lam0.07: C4 kc=4.836e-01 kr=1.298e-03 g=7.006913891412545e-05 ws=0.5 W1=156.9 Ns=11.9 om=-0.15 epsR=0.18 tau=351.4726820286263 J=1.042 (cl 1.290) [continuation]
  A=10 lam0.07: C3 kc=3.714e-02 kr=5.787e-04 g=None ws=0.5 W1=193.3 Ns=17.3 om=-0.00 epsR=0.69 tau=648.7114044462077 J=1.306 (cl 1.236) [grid]
  A=3 lam0.07: C4 kc=1.022e-01 kr=1.100e-03 g=0.2755904518769521 ws=0.5 W1=139.2 Ns=11.8 om=-0.06 epsR=0.32 tau=339.12523406888454 J=0.939 (cl 1.308) [continuation]
  A=9 lam0.07: C4 kc=1.494e-01 kr=6.808e-04 g=0.15257384378284233 ws=0.5 W1=176.0 Ns=19.8 om=-0.09 epsR=0.48 tau=570.4035042635115 J=1.226 (cl 1.259) [continuation]
  A=7 lam0.07: C4 kc=5.864e-02 kr=5.929e-04 g=0.5215468832186917 ws=0.5 W1=178.0 Ns=16.0 om=-0.01 epsR=0.55 tau=628.7182860212899 J=1.169 (cl 1.249) [continuation]
  A=8 lam0.07: C4 kc=7.261e-02 kr=5.943e-04 g=0.4069445798089958 ws=0.5 W1=180.8 Ns=17.8 om=-0.04 epsR=0.64 tau=635.7631268710591 J=1.266 (cl 1.244) [continuation]
  A=1 lam0.1: C3 kc=3.866e-02 kr=1.000e-05 g=None ws=0.5488010359166784 W1=149.1 Ns=15.2 om=+0.00 epsR=0.11 tau=42155.29599255243 J=0.889 (cl 1.254) [continuation]
  A=2 lam0.1: C4 kc=6.961e-02 kr=1.235e-03 g=0.4611581886171564 ws=0.5 W1=127.3 Ns=4.6 om=-0.01 epsR=0.01 tau=295.16422627659034 J=0.771 (cl 1.469) [continuation]
  A=4 lam0.1: C4 kc=6.504e-02 kr=1.020e-03 g=0.5288822124172707 ws=0.5 W1=162.5 Ns=13.0 om=-0.04 epsR=0.35 tau=366.3000117573277 J=1.105 (cl 1.435) [grid]
  A=6 lam0.1: C3 kc=3.840e-02 kr=7.991e-04 g=None ws=0.5 W1=180.6 Ns=15.0 om=-0.01 epsR=0.43 tau=466.5746781291422 J=1.223 (cl 1.398) [continuation]
  A=10 lam0.1: C2 kc=1.564e-01 kr=9.578e-04 g=1.4269984213708364e-05 ws=None W1=243.2 Ns=5.9 om=+0.00 epsR=0.25 tau=372.3020028286644 J=1.422 (cl 1.337) [continuation]
  A=5 lam0.1: C4 kc=4.680e-01 kr=1.214e-03 g=7.39983734683492e-05 ws=0.5 W1=157.9 Ns=11.8 om=-0.15 epsR=0.15 tau=371.9080904779005 J=1.100 (cl 1.414) [continuation]
  A=9 lam0.1: C3 kc=3.855e-02 kr=7.469e-04 g=None ws=0.5003325988216962 W1=188.8 Ns=17.0 om=-0.00 epsR=0.50 tau=502.2360238975125 J=1.332 (cl 1.371) [continuation]
  A=7 lam0.1: C4 kc=5.937e-02 kr=5.987e-04 g=0.5091533575181428 ws=0.5 W1=179.0 Ns=15.7 om=-0.01 epsR=0.54 tau=621.3703847180366 J=1.259 (cl 1.355) [continuation]
  A=3 lam0.1: C4 kc=1.125e-01 kr=1.108e-03 g=0.23487706942798858 ws=0.5 W1=139.6 Ns=11.5 om=-0.06 epsR=0.30 tau=336.3626869220851 J=0.982 (cl 1.440) [continuation]
  A=8 lam0.1: C2 kc=1.582e-01 kr=1.045e-03 g=1.136179131710356e-05 ws=None W1=233.8 Ns=5.6 om=+0.00 epsR=0.23 tau=340.90105574777937 J=1.377 (cl 1.349) [continuation]
  A=1 lam0.15: C3 kc=3.866e-02 kr=1.000e-05 g=None ws=0.5488010359166784 W1=149.1 Ns=15.2 om=+0.00 epsR=0.11 tau=42155.29599255243 J=0.904 (cl 1.381) [continuation]
  A=2 lam0.15: C4 kc=6.961e-02 kr=1.235e-03 g=0.4611581886171564 ws=0.5 W1=127.3 Ns=4.6 om=-0.01 epsR=0.01 tau=295.16422627659034 J=0.782 (cl 1.704) [continuation]
  A=4 lam0.15: C3 kc=3.906e-02 kr=1.042e-03 g=None ws=0.5 W1=169.2 Ns=11.3 om=-0.00 epsR=0.34 tau=352.98248236497346 J=1.172 (cl 1.653) [continuation]
  A=6 lam0.15: C3 kc=3.813e-02 kr=8.010e-04 g=None ws=0.5 W1=181.8 Ns=14.6 om=-0.00 epsR=0.43 tau=464.2001668847288 J=1.332 (cl 1.598) [continuation]
  A=5 lam0.15: C4 kc=4.773e-01 kr=1.317e-03 g=7.623051976254822e-05 ws=0.5 W1=158.0 Ns=11.6 om=-0.15 epsR=0.18 tau=344.67289675615814 J=1.201 (cl 1.622) [continuation]
  A=9 lam0.15: C2 kc=2.240e-01 kr=2.764e-03 g=5.2314662057892966e-05 ws=None W1=241.9 Ns=4.4 om=-0.01 epsR=0.09 tau=130.38580660663777 J=1.413 (cl 1.556) [continuation]
  A=10 lam0.15: C2 kc=1.975e-01 kr=2.041e-03 g=1.557815179989766e-05 ws=None W1=245.6 Ns=5.0 om=-0.00 epsR=0.25 tau=175.67458070774512 J=1.480 (cl 1.506) [continuation]
  A=7 lam0.15: C2 kc=1.929e-01 kr=2.018e-03 g=1.5298019173248447e-05 ws=None W1=226.3 Ns=4.5 om=-0.00 epsR=0.15 tau=177.07326511202717 J=1.345 (cl 1.533) [continuation]
  A=3 lam0.15: C3 kc=3.945e-02 kr=1.220e-03 g=None ws=0.5144085821676418 W1=147.8 Ns=9.7 om=-0.00 epsR=0.33 tau=301.216021043544 J=1.046 (cl 1.661) [continuation]
  A=8 lam0.15: C4 kc=1.918e-01 kr=1.748e-03 g=0.0 ws=0.6311526160950331 W1=233.8 Ns=5.2 om=+0.01 epsR=0.14 tau=207.81996437218262 J=1.423 (cl 1.523) [continuation]
  A=1 lam0.2: C4 kc=4.482e-02 kr=1.019e-05 g=0.8246232938724707 ws=0.539799003056521 W1=148.5 Ns=15.0 om=-0.00 epsR=0.12 tau=41111.99301357353 J=0.916 (cl 1.507) [continuation]
  A=2 lam0.2: C4 kc=6.903e-02 kr=1.234e-03 g=0.46686012007856514 ws=0.5 W1=127.2 Ns=4.6 om=-0.01 epsR=0.01 tau=295.38542292648003 J=0.792 (cl 1.939) [continuation]
  A=4 lam0.2: C4 kc=6.257e-02 kr=1.137e-03 g=0.5320332390750974 ws=0.5 W1=171.6 Ns=10.7 om=-0.01 epsR=0.30 tau=322.12492697036197 J=1.236 (cl 1.870) [continuation]
  A=6 lam0.2: C2 kc=2.337e-01 kr=3.235e-03 g=0.0001770372286903633 ws=None W1=231.1 Ns=3.2 om=-0.01 epsR=0.07 tau=111.30158005863215 J=1.375 (cl 1.797) [continuation]
  A=5 lam0.2: C4 kc=2.912e-01 kr=1.539e-03 g=8.938560266724731e-05 ws=0.5 W1=196.5 Ns=5.9 om=-0.00 epsR=0.04 tau=252.61247727320128 J=1.246 (cl 1.829) [continuation]
  A=9 lam0.2: C2 kc=2.305e-01 kr=2.921e-03 g=5.502401774557441e-05 ws=None W1=242.1 Ns=4.3 om=-0.01 epsR=0.11 tau=123.59294856284532 J=1.461 (cl 1.741) [continuation]
  A=10 lam0.2: C2 kc=1.976e-01 kr=2.042e-03 g=1.6343183326001212e-05 ws=None W1=245.5 Ns=5.0 om=-0.00 epsR=0.25 tau=175.60738316270368 J=1.544 (cl 1.675) [continuation]
  A=7 lam0.2: C2 kc=1.891e-01 kr=1.898e-03 g=1.5914539727297168e-05 ws=None W1=226.1 Ns=4.6 om=-0.00 epsR=0.13 tau=188.18526383436748 J=1.385 (cl 1.710) [continuation]
  A=3 lam0.2: C4 kc=1.020e-01 kr=1.253e-03 g=0.25203012662381363 ws=0.5 W1=150.7 Ns=8.8 om=-0.01 epsR=0.23 tau=290.46376047636215 J=1.095 (cl 1.881) [continuation]
  A=8 lam0.2: C4 kc=2.023e-01 kr=2.193e-03 g=0.0002854000649317671 ws=0.6776561433054804 W1=235.7 Ns=4.7 om=+0.00 epsR=0.23 tau=164.19454043340738 J=1.488 (cl 1.698) [continuation]
  A=1 lam0.3: C4 kc=4.442e-02 kr=1.000e-05 g=0.8347638221058692 ws=0.5394949337602837 W1=148.5 Ns=15.0 om=-0.00 epsR=0.11 tau=41877.74229493164 J=0.946 (cl 1.761) [continuation]
  A=2 lam0.3: C4 kc=6.903e-02 kr=1.234e-03 g=0.46686012007856514 ws=0.5 W1=127.2 Ns=4.6 om=-0.01 epsR=0.01 tau=295.38542292648003 J=0.813 (cl 2.408) [continuation]
  A=4 lam0.3: C4 kc=6.258e-02 kr=1.137e-03 g=0.5318664643184872 ws=0.5 W1=171.6 Ns=10.7 om=-0.01 epsR=0.30 tau=322.08957569489024 J=1.356 (cl 2.305) [continuation]
  A=6 lam0.3: C2 kc=2.337e-01 kr=3.235e-03 g=0.0001826927938103865 ws=None W1=231.1 Ns=3.2 om=-0.01 epsR=0.07 tau=111.3037324129071 J=1.424 (cl 2.195) [continuation]
  A=5 lam0.3: C4 kc=2.811e-01 kr=1.763e-03 g=9.524625442833539e-05 ws=0.5108688247500557 W1=200.5 Ns=5.0 om=-0.00 epsR=0.02 tau=220.2872201720807 J=1.295 (cl 2.243) [continuation]
  A=10 lam0.3: C2 kc=1.875e-01 kr=1.796e-03 g=1.6979623698330613e-05 ws=None W1=245.2 Ns=5.2 om=+0.00 epsR=0.19 tau=199.13295808890115 J=1.656 (cl 2.012) [continuation]
  A=9 lam0.3: C4 kc=2.157e-01 kr=2.326e-03 g=0.0 ws=0.6393174082590369 W1=239.8 Ns=4.8 om=-0.00 epsR=0.02 tau=157.30500469281012 J=1.515 (cl 2.112) [continuation]
  A=7 lam0.3: C2 kc=1.838e-01 kr=1.760e-03 g=1.6545812308339603e-05 ws=None W1=225.8 Ns=4.7 om=-0.00 epsR=0.09 tau=202.74400560607523 J=1.460 (cl 2.065) [continuation]
  A=3 lam0.3: C4 kc=1.326e-01 kr=1.745e-03 g=0.14760789086506446 ws=0.5374151919254602 W1=167.3 Ns=4.8 om=-0.00 epsR=0.10 tau=210.93779696446725 J=1.147 (cl 2.321) [continuation]
  A=8 lam0.3: C4 kc=1.964e-01 kr=2.048e-03 g=0.0002798727782155075 ws=0.7049610393163602 W1=235.6 Ns=4.8 om=-0.00 epsR=0.20 tau=175.2514155336352 J=1.600 (cl 2.046) [continuation]
  A=1 lam0.5: C4 kc=4.420e-02 kr=1.000e-05 g=0.8479308947858923 ws=0.5322286334696975 W1=149.0 Ns=14.6 om=-0.00 epsR=0.12 tau=41634.45571825428 J=1.013 (cl 2.269) [continuation]
  A=2 lam0.5: C3 kc=3.914e-02 kr=1.341e-03 g=None ws=0.5483485831724748 W1=131.0 Ns=3.9 om=+0.00 epsR=0.01 tau=275.9155693226905 J=0.853 (cl 3.347) [continuation]
  A=4 lam0.5: C2 kc=6.206e-02 kr=1.784e-03 g=0.5143476193810099 ws=None W1=201.4 Ns=5.2 om=-0.00 epsR=0.17 tau=200.66213614819716 J=1.474 (cl 3.176) [continuation]
  A=6 lam0.5: C2 kc=2.337e-01 kr=3.235e-03 g=0.000192191642814557 ws=None W1=231.1 Ns=3.2 om=-0.01 epsR=0.07 tau=111.29423491982364 J=1.524 (cl 2.992) [continuation]
  A=10 lam0.5: C2 kc=1.851e-01 kr=1.715e-03 g=1.766701498150032e-05 ws=None W1=245.0 Ns=5.3 om=-0.00 epsR=0.17 tau=208.5748051497918 J=1.900 (cl 2.687) [continuation]
  A=5 lam0.5: C4 kc=2.827e-01 kr=2.101e-03 g=0.00010778401803902767 ws=0.5161408221118698 W1=203.5 Ns=4.4 om=+0.00 epsR=0.02 tau=184.84511457995592 J=1.378 (cl 3.072) [continuation]
  A=9 lam0.5: C4 kc=2.425e-01 kr=3.305e-03 g=8.349609374999999e-05 ws=0.6841499708808918 W1=242.3 Ns=4.2 om=-0.00 epsR=0.17 tau=109.83886997453202 J=1.716 (cl 2.853) [continuation]
  A=7 lam0.5: C2 kc=1.870e-01 kr=1.895e-03 g=1.7619581416144032e-05 ws=None W1=226.2 Ns=4.6 om=+0.00 epsR=0.12 tau=188.25694962866973 J=1.630 (cl 2.776) [continuation]
  A=3 lam0.5: C4 kc=2.052e-01 kr=2.356e-03 g=0.04558559298107627 ws=0.5409216338362746 W1=174.9 Ns=3.0 om=-0.01 epsR=0.01 tau=158.50760983211958 J=1.183 (cl 3.202) [continuation]
  A=8 lam0.5: C4 kc=1.936e-01 kr=2.070e-03 g=0.00028025106049917275 ws=0.7448154883161998 W1=236.1 Ns=4.7 om=+0.01 epsR=0.20 tau=172.62544773913316 J=1.841 (cl 2.744) [continuation]
  A=1 lam1: C3 kc=3.885e-02 kr=1.000e-05 g=None ws=0.5399391356342435 W1=149.2 Ns=14.9 om=+0.00 epsR=0.12 tau=41851.755332022294 J=1.175 (cl 3.537) [continuation]
A=1 done (860.2 s) path check {'W1_nondecreasing_violations': 3, 'penalty_nonincreasing_violations': 3}
  A=2 lam1: C3 kc=3.905e-02 kr=1.343e-03 g=None ws=0.5486643347873632 W1=131.4 Ns=3.8 om=+0.00 epsR=0.01 tau=275.29853953494904 J=0.948 (cl 5.695) [continuation]
A=2 done (895.4 s) path check {'W1_nondecreasing_violations': 2, 'penalty_nonincreasing_violations': 2}
  A=4 lam1: C2 kc=6.126e-02 kr=1.700e-03 g=0.5105559668916229 ws=None W1=201.4 Ns=5.2 om=-0.00 epsR=0.15 tau=210.5701481119295 J=1.755 (cl 5.351) [continuation]
A=4 done (897.7 s) path check {'W1_nondecreasing_violations': 4, 'penalty_nonincreasing_violations': 2}
  A=6 lam1: C2 kc=2.337e-01 kr=3.235e-03 g=0.00020187348359239587 ws=None W1=231.1 Ns=3.2 om=-0.01 epsR=0.07 tau=111.2808063615431 J=1.772 (cl 4.984) [continuation]
A=6 done (901.1 s) path check {'W1_nondecreasing_violations': 1, 'penalty_nonincreasing_violations': 2}
  A=9 lam1: C2 kc=2.309e-01 kr=3.072e-03 g=6.390064421081976e-05 ws=None W1=242.5 Ns=4.2 om=+0.00 epsR=0.13 tau=117.2798006142566 J=2.119 (cl 4.705) [continuation]
A=9 done (901.3 s) path check {'W1_nondecreasing_violations': 2, 'penalty_nonincreasing_violations': 3}
  A=10 lam1: C2 kc=1.884e-01 kr=1.893e-03 g=1.7486993227994406e-05 ws=None W1=245.6 Ns=5.1 om=+0.01 epsR=0.21 tau=188.6227006895814 J=2.553 (cl 4.375) [continuation]
A=10 done (901.9 s) path check {'W1_nondecreasing_violations': 3, 'penalty_nonincreasing_violations': 2}
  A=5 lam1: C4 kc=2.570e-01 kr=2.459e-03 g=0.00010831135178599886 ws=0.5535398239468405 W1=210.2 Ns=3.3 om=-0.00 epsR=0.05 tau=155.77790063963792 J=1.572 (cl 5.145) [continuation]
A=5 done (904.5 s) path check {'W1_nondecreasing_violations': 2, 'penalty_nonincreasing_violations': 1}
  A=7 lam1: C2 kc=1.830e-01 kr=1.771e-03 g=1.7687325124203373e-05 ws=None W1=226.0 Ns=4.7 om=+0.00 epsR=0.09 tau=201.28325512622408 J=2.019 (cl 4.551) [continuation]
A=7 done (904.6 s) path check {'W1_nondecreasing_violations': 3, 'penalty_nonincreasing_violations': 1}
  A=8 lam1: C2 kc=1.860e-01 kr=1.758e-03 g=1.4206527750748833e-05 ws=None W1=235.3 Ns=5.0 om=-0.00 epsR=0.13 tau=203.3315714260381 J=2.401 (cl 4.488) [continuation]
A=8 done (909.5 s) path check {'W1_nondecreasing_violations': 4, 'penalty_nonincreasing_violations': 2}
  A=3 lam1: C4 kc=2.107e-01 kr=2.553e-03 g=0.04236161491062293 ws=0.5443632812737158 W1=176.3 Ns=2.9 om=-0.01 epsR=0.01 tau=146.24093246826942 J=1.316 (cl 5.405) [continuation]
A=3 done (909.6 s) path check {'W1_nondecreasing_violations': 1, 'penalty_nonincreasing_violations': 0}
[stage a] wrote /Users/yuanmingchen/Desktop/Research/SUMO/analysis/out/e13/ladder13.json
[stage f] lambda* = 0.07 (dominance); dominance 0.07, restricted knee 0.05, lambda_max None, per-A spread 3.435615429272238
[stage f] wrote /Users/yuanmingchen/Desktop/Research/SUMO/analysis/out/e13/final13.json + fields13_A*.npz
[stage b] lam0: M_none ...
[stage b] lam0: M_c / M_r ...
[stage b] lam0: M_both ...
[stage b] lam0: none 8.975 c 8.707 r 8.703 both 8.623 gap +0.0040 (+0.05%) eta_c 0.760220669318161 eta_r 0.7715369730075425 ridge_res 0.00 dex
[stage b] lam0.01: M_none ...
[stage b] lam0.01: M_c / M_r ...
[stage b] lam0.01: M_both ...
[stage b] lam0.01: none 10.229 c 9.987 r 9.989 both 9.793 gap -0.0016 (-0.02%) eta_c 0.5543127696638104 eta_r 0.5505805627698712 ridge_res 0.00 dex
[stage b] lam0.02: M_none ...
[stage b] lam0.02: M_c / M_r ...
[stage b] lam0.02: M_both ...
[stage b] lam0.02: none 10.819 c 10.661 r 10.660 both 10.630 gap +0.0014 (+0.01%) eta_c 0.8355450610736994 eta_r 0.8431803345832337 ridge_res 0.02 dex
[stage b] lam0.03: M_none ...
[stage b] lam0.03: M_c / M_r ...
[stage b] lam0.03: M_both ...
[stage b] lam0.03: none 11.287 c 11.194 r 11.170 both 11.122 gap +0.0237 (+0.21%) eta_c 0.5633101472101613 eta_r 0.7069229477990835 ridge_res 0.88 dex
[stage b] lam0.05: M_none ...
[stage b] lam0.05: M_c / M_r ...
[stage b] lam0.05: M_both ...
[stage b] lam0.05: none 11.929 c 11.810 r 11.774 both 11.705 gap +0.0359 (+0.31%) eta_c 0.5297506263092807 eta_r 0.6904521493615224 ridge_res 0.86 dex
[stage b] lam0.07: M_none ...
[stage b] lam0.07: M_c / M_r ...
[stage b] lam0.07: M_both ...
[stage b] lam0.07: none 12.502 c 12.277 r 12.269 both 12.140 gap +0.0081 (+0.07%) eta_c 0.6218263202158769 eta_r 0.6441937410925851 ridge_res 0.85 dex
[stage b] lam0.1: M_none ...
[stage b] lam0.1: M_c / M_r ...
[stage b] lam0.1: M_both ...
[stage b] lam0.1: none 13.137 c 12.829 r 12.771 both 12.615 gap +0.0578 (+0.46%) eta_c 0.589765935694918 eta_r 0.700400498675853 ridge_res 0.86 dex
[stage b] lam0.15: M_none ...
[stage b] lam0.15: M_c / M_r ...
[stage b] lam0.15: M_both ...
[stage b] lam0.15: none 14.004 c 13.636 r 13.488 both 13.312 gap +0.1478 (+1.11%) eta_c 0.5315926739137143 eta_r 0.7450374813305736 ridge_res 0.94 dex
[stage b] lam0.2: M_none ...
[stage b] lam0.2: M_c / M_r ...
[stage b] lam0.2: M_both ...
[stage b] lam0.2: none 14.843 c 14.415 r 14.200 both 13.974 gap +0.2149 (+1.54%) eta_c 0.4923505770883764 eta_r 0.739470338920632 ridge_res 0.99 dex
[stage b] lam0.3: M_none ...
[stage b] lam0.3: M_c / M_r ...
[stage b] lam0.3: M_both ...
[stage b] lam0.3: none 16.528 c 15.893 r 15.518 both 15.154 gap +0.3751 (+2.48%) eta_c 0.4620092242736595 eta_r 0.7350909084566581 ridge_res 1.00 dex
[stage b] lam0.5: M_none ...
[stage b] lam0.5: M_c / M_r ...
[stage b] lam0.5: M_both ...
[stage b] lam0.5: none 19.831 c 18.794 r 18.103 both 17.485 gap +0.6906 (+3.95%) eta_c 0.4422701887419863 eta_r 0.7366253123079534 ridge_res 1.02 dex
[stage b] lam1: M_none ...
[stage b] lam1: M_c / M_r ...
[stage b] lam1: M_both ...
[stage b] lam1: none 28.066 c 25.971 r 24.537 both 23.319 gap +1.4340 (+6.15%) eta_c 0.44125704306952174 eta_r 0.7433109856022646 ridge_res 1.04 dex
[stage b] lam*=0.07 robust_ws: M_none ...
[stage b] lam*=0.07 robust_ws: M_c / M_r ...
[stage b] lam*=0.07 robust_ws: M_both ...
[stage b] lam*=0.07 robust_ws: none 11.684 c 11.442 r 11.403 both 11.288 gap +0.0391 (+0.35%) eta_c 0.6123321724210851 eta_r 0.7109458095011025 ridge_res 0.82 dex
[stage b] lam*=0.07 queue_only: M_none ...
[stage b] lam*=0.07 queue_only: M_c / M_r ...
[stage b] lam*=0.07 queue_only: M_both ...
[stage b] lam*=0.07 queue_only: none 11.214 c 11.017 r 10.966 both 10.901 gap +0.0509 (+0.47%) eta_c 0.6311805436730615 eta_r 0.7936581014432083 ridge_res 0.10 dex
[stage b] lam*=0.07 overtaking_only: M_none ...
[stage b] lam*=0.07 overtaking_only: M_c / M_r ...
[stage b] lam*=0.07 overtaking_only: M_both ...
[stage b] lam*=0.07 overtaking_only: none 10.280 c 9.989 r 9.989 both 9.904 gap +0.0002 (+0.00%) eta_c 0.7746923297408197 eta_r 0.7752217913942654 ridge_res 0.00 dex
[stage b] lam*=0.07 events_only: M_none ...
[stage b] lam*=0.07 events_only: M_c / M_r ...
[stage b] lam*=0.07 events_only: M_both ...
[stage b] lam*=0.07 events_only: none 10.555 c 10.480 r 10.386 both 10.331 gap +0.0942 (+0.91%) eta_c 0.3348336729828603 eta_r 0.7565827230205134 ridge_res 0.84 dex
[stage b] lam0 fold 0: M_none ...
[stage b] lam0 fold 0: M_c / M_r ...
[stage b] lam0 fold 0: M_both ...
[stage b] lam0 fold 0: none 9.062 c 8.781 r 8.781 both 8.708 gap -0.0000 (-0.00%) eta_c 0.7942544696240658 eta_r 0.7942499180211822 ridge_res 0.00 dex
[stage b] lam0 fold 1: M_none ...
[stage b] lam0 fold 1: M_c / M_r ...
[stage b] lam0 fold 1: M_both ...
[stage b] lam0 fold 1: none 8.999 c 8.754 r 8.750 both 8.675 gap +0.0037 (+0.04%) eta_c 0.7572834828813475 eta_r 0.7686467110490731 ridge_res 0.00 dex
[stage b] lam0 fold 2: M_none ...
[stage b] lam0 fold 2: M_c / M_r ...
[stage b] lam0 fold 2: M_both ...
[stage b] lam0 fold 2: none 8.969 c 8.700 r 8.702 both 8.617 gap -0.0025 (-0.03%) eta_c 0.7648417036720846 eta_r 0.7577316431323655 ridge_res 0.00 dex
[stage b] lam0 fold 3: M_none ...
[stage b] lam0 fold 3: M_c / M_r ...
[stage b] lam0 fold 3: M_both ...
[stage b] lam0 fold 3: none 8.968 c 8.676 r 8.683 both 8.588 gap -0.0067 (-0.08%) eta_c 0.7688785155417158 eta_r 0.7512546484734874 ridge_res 0.00 dex
[stage b] lam0 fold 4: M_none ...
[stage b] lam0 fold 4: M_c / M_r ...
[stage b] lam0 fold 4: M_both ...
[stage b] lam0 fold 4: none 8.901 c 8.614 r 8.608 both 8.524 gap +0.0052 (+0.06%) eta_c 0.7626895764752019 eta_r 0.7763882186836001 ridge_res 0.00 dex
[stage b] lam0.05 fold 0: M_none ...
[stage b] lam0.05 fold 0: M_c / M_r ...
[stage b] lam0.05 fold 0: M_both ...
[stage b] lam0.05 fold 0: none 11.880 c 11.753 r 11.724 both 11.660 gap +0.0291 (+0.25%) eta_c 0.574063100090682 eta_r 0.7064983325188244 ridge_res 0.90 dex
[stage b] lam0.05 fold 1: M_none ...
[stage b] lam0.05 fold 1: M_c / M_r ...
[stage b] lam0.05 fold 1: M_both ...
[stage b] lam0.05 fold 1: none 11.931 c 11.817 r 11.782 both 11.721 gap +0.0341 (+0.29%) eta_c 0.5449303722873172 eta_r 0.70762647152998 ridge_res 0.89 dex
[stage b] lam0.05 fold 2: M_none ...
[stage b] lam0.05 fold 2: M_c / M_r ...
[stage b] lam0.05 fold 2: M_both ...
[stage b] lam0.05 fold 2: none 11.946 c 11.828 r 11.791 both 11.729 gap +0.0367 (+0.31%) eta_c 0.5437356200353427 eta_r 0.712427975721412 ridge_res 0.89 dex
[stage b] lam0.05 fold 3: M_none ...
[stage b] lam0.05 fold 3: M_c / M_r ...
[stage b] lam0.05 fold 3: M_both ...
[stage b] lam0.05 fold 3: none 11.944 c 11.808 r 11.771 both 11.696 gap +0.0368 (+0.31%) eta_c 0.5482188369236739 eta_r 0.6972800290191437 ridge_res 0.88 dex
[stage b] lam0.05 fold 4: M_none ...
[stage b] lam0.05 fold 4: M_c / M_r ...
[stage b] lam0.05 fold 4: M_both ...
[stage b] lam0.05 fold 4: none 11.975 c 11.859 r 11.820 both 11.738 gap +0.0384 (+0.33%) eta_c 0.49199077786879125 eta_r 0.6540103040080113 ridge_res 0.87 dex
[stage b] lam0.07 fold 0: M_none ...
[stage b] lam0.07 fold 0: M_c / M_r ...
[stage b] lam0.07 fold 0: M_both ...
[stage b] lam0.07 fold 0: none 12.497 c 12.202 r 12.210 both 12.064 gap -0.0076 (-0.06%) eta_c 0.6808129926206192 eta_r 0.6631679208668185 ridge_res 0.83 dex
[stage b] lam0.07 fold 1: M_none ...
[stage b] lam0.07 fold 1: M_c / M_r ...
[stage b] lam0.07 fold 1: M_both ...
[stage b] lam0.07 fold 1: none 12.595 c 12.276 r 12.311 both 12.145 gap -0.0346 (-0.28%) eta_c 0.7075214449877703 eta_r 0.6307969803770127 ridge_res 0.89 dex
[stage b] lam0.07 fold 2: M_none ...
[stage b] lam0.07 fold 2: M_c / M_r ...
[stage b] lam0.07 fold 2: M_both ...
[stage b] lam0.07 fold 2: none 12.523 c 12.306 r 12.279 both 12.164 gap +0.0271 (+0.22%) eta_c 0.6041384133730592 eta_r 0.6797252936431655 ridge_res 0.85 dex
[stage b] lam0.07 fold 3: M_none ...
[stage b] lam0.07 fold 3: M_c / M_r ...
[stage b] lam0.07 fold 3: M_both ...
[stage b] lam0.07 fold 3: none 12.519 c 12.283 r 12.282 both 12.142 gap +0.0010 (+0.01%) eta_c 0.6261233460928207 eta_r 0.6287681642203669 ridge_res 0.84 dex
[stage b] lam0.07 fold 4: M_none ...
[stage b] lam0.07 fold 4: M_c / M_r ...
[stage b] lam0.07 fold 4: M_both ...
[stage b] lam0.07 fold 4: none 12.554 c 12.350 r 12.350 both 12.199 gap -0.0002 (-0.00%) eta_c 0.5750751364320472 eta_r 0.5746417037956191 ridge_res 0.78 dex
[stage b] wrote /Users/yuanmingchen/Desktop/Research/SUMO/analysis/out/e13/hypothesis13.json (3565.3 s)
[stage e] wrote /Users/yuanmingchen/Desktop/Research/SUMO/analysis/out/e13/extras13.json (11.8 s)
