A1_u15_q2000_r0: cap=  33 rel=   0 maxN_s= 34  [    0 s]
A1_u15_q2000_r1: cap=  35 rel=   1 maxN_s= 34  [    1 s]
A1_u15_q2000_r2: cap=  32 rel=   0 maxN_s= 32  [    1 s]
A1_u15_q2000_r3: cap=  32 rel=   1 maxN_s= 33  [    1 s]
A1_u15_q2000_r4: cap=  36 rel=   1 maxN_s= 35  [    2 s]
A1.5_u15_q2000_r0: cap=  19 rel=   4 maxN_s= 15  [    2 s]
A1.5_u15_q2000_r1: cap=  19 rel=   5 maxN_s= 15  [    2 s]
A1.5_u15_q2000_r2: cap=  19 rel=   5 maxN_s= 14  [    2 s]
A1.5_u15_q2000_r3: cap=  18 rel=   3 maxN_s= 15  [    3 s]
A1.5_u15_q2000_r4: cap=  23 rel=   8 maxN_s= 15  [    3 s]
A1.75_u15_q2000_r0: cap=  18 rel=   7 maxN_s= 12  [    3 s]
A1.75_u15_q2000_r1: cap=  20 rel=  10 maxN_s= 13  [    3 s]
A1.75_u15_q2000_r2: cap=  17 rel=   6 maxN_s= 12  [    4 s]
A1.75_u15_q2000_r3: cap=  19 rel=   6 maxN_s= 13  [    4 s]
A1.75_u15_q2000_r4: cap=  15 rel=   4 maxN_s= 11  [    4 s]
A2_u15_q2000_r0: cap=  20 rel=  17 maxN_s=  7  [    4 s]
A2_u15_q2000_r1: cap=  20 rel=  17 maxN_s=  4  [    4 s]
A2_u15_q2000_r2: cap=  21 rel=  16 maxN_s=  8  [    4 s]
A2_u15_q2000_r3: cap=  23 rel=  17 maxN_s=  7  [    4 s]
A2_u15_q2000_r4: cap=  13 rel=  10 maxN_s=  5  [    4 s]
A2.25_u15_q2000_r0: cap=  12 rel=  10 maxN_s=  3  [    4 s]
A2.25_u15_q2000_r1: cap=  13 rel=  11 maxN_s=  4  [    4 s]
A2.25_u15_q2000_r2: cap=  13 rel=  10 maxN_s=  3  [    4 s]
A2.25_u15_q2000_r3: cap=  18 rel=  14 maxN_s=  5  [    4 s]
A2.25_u15_q2000_r4: cap=   5 rel=   3 maxN_s=  2  [    4 s]
A2.5_u15_q2000_r0: cap=   2 rel=   2 maxN_s=  2  [    4 s]
A2.5_u15_q2000_r1: cap=  10 rel=   8 maxN_s=  3  [    4 s]
A2.5_u15_q2000_r2: cap=   1 rel=   1 maxN_s=  1  [    4 s]
A2.5_u15_q2000_r3: cap=   6 rel=   4 maxN_s=  2  [    4 s]
A2.5_u15_q2000_r4: cap=   8 rel=   7 maxN_s=  3  [    4 s]
A3_u15_q2000_r0: cap=   4 rel=   4 maxN_s=  2  [    4 s]
A3_u15_q2000_r1: cap=   2 rel=   2 maxN_s=  1  [    4 s]
A3_u15_q2000_r2: cap=   0 rel=   0 maxN_s=  0  [    5 s]
A3_u15_q2000_r3: cap=   5 rel=   3 maxN_s=  2  [    5 s]
A3_u15_q2000_r4: cap=   0 rel=   0 maxN_s=  0  [    5 s]
A4_u15_q2000_r0: cap=   0 rel=   0 maxN_s=  0  [    5 s]
A4_u15_q2000_r1: cap=   2 rel=   2 maxN_s=  1  [    5 s]
A4_u15_q2000_r2: cap=   2 rel=   2 maxN_s=  1  [    5 s]
A4_u15_q2000_r3: cap=   3 rel=   3 maxN_s=  2  [    5 s]
A4_u15_q2000_r4: cap=   0 rel=   0 maxN_s=  0  [    5 s]
A5_u15_q2000_r0: cap=   0 rel=   0 maxN_s=  0  [    5 s]
A5_u15_q2000_r1: cap=   0 rel=   0 maxN_s=  0  [    5 s]
A5_u15_q2000_r2: cap=   6 rel=   6 maxN_s=  2  [    5 s]
A5_u15_q2000_r3: cap=   1 rel=   1 maxN_s=  1  [    5 s]
A5_u15_q2000_r4: cap=   5 rel=   3 maxN_s=  2  [    5 s]
A6_u15_q2000_r0: cap=   1 rel=   1 maxN_s=  1  [    5 s]
A6_u15_q2000_r1: cap=   0 rel=   0 maxN_s=  0  [    5 s]
A6_u15_q2000_r2: cap=   3 rel=   3 maxN_s=  1  [    5 s]
A6_u15_q2000_r3: cap=   0 rel=   0 maxN_s=  0  [    5 s]
A6_u15_q2000_r4: cap=   6 rel=   4 maxN_s=  3  [    5 s]
A7_u15_q2000_r0: cap=   0 rel=   0 maxN_s=  0  [    5 s]
A7_u15_q2000_r1: cap=   2 rel=   2 maxN_s=  1  [    5 s]
A7_u15_q2000_r2: cap=   0 rel=   0 maxN_s=  0  [    6 s]
A7_u15_q2000_r3: cap=   3 rel=   3 maxN_s=  1  [    6 s]
A7_u15_q2000_r4: cap=   1 rel=   1 maxN_s=  1  [    6 s]
A8_u15_q2000_r0: cap=   2 rel=   2 maxN_s=  1  [    6 s]
A8_u15_q2000_r1: cap=   2 rel=   2 maxN_s=  1  [    6 s]
A8_u15_q2000_r2: cap=   0 rel=   0 maxN_s=  0  [    6 s]
A8_u15_q2000_r3: cap=   0 rel=   0 maxN_s=  0  [    6 s]
A8_u15_q2000_r4: cap=   1 rel=   1 maxN_s=  1  [    6 s]
A9_u15_q2000_r0: cap=   1 rel=   1 maxN_s=  1  [    6 s]
A9_u15_q2000_r1: cap=   1 rel=   1 maxN_s=  1  [    6 s]
A9_u15_q2000_r2: cap=   1 rel=   0 maxN_s=  1  [    6 s]
A9_u15_q2000_r3: cap=   1 rel=   1 maxN_s=  1  [    6 s]
A9_u15_q2000_r4: cap=   2 rel=   2 maxN_s=  1  [    6 s]
A10_u15_q2000_r0: cap=   0 rel=   0 maxN_s=  1  [    6 s]
A10_u15_q2000_r1: cap=   2 rel=   2 maxN_s=  1  [    6 s]
A10_u15_q2000_r2: cap=   3 rel=   3 maxN_s=  1  [    6 s]
A10_u15_q2000_r3: cap=   1 rel=   1 maxN_s=  1  [    6 s]
A10_u15_q2000_r4: cap=   0 rel=   0 maxN_s=  0  [    6 s]
A1_u15_q2500_r0: cap=  79 rel=   0 maxN_s= 82  [    6 s]
A1_u15_q2500_r1: cap=  81 rel=   0 maxN_s= 84  [    6 s]
A1_u15_q2500_r2: cap=  78 rel=   0 maxN_s= 81  [    7 s]
A1_u15_q2500_r3: cap=  76 rel=   0 maxN_s= 77  [    7 s]
A1_u15_q2500_r4: cap=  84 rel=   0 maxN_s= 85  [    7 s]
A1.5_u15_q2500_r0: cap=  54 rel=   0 maxN_s= 55  [    7 s]
A1.5_u15_q2500_r1: cap=  50 rel=   0 maxN_s= 51  [    7 s]
A1.5_u15_q2500_r2: cap=  51 rel=   1 maxN_s= 51  [    7 s]
A1.5_u15_q2500_r3: cap=  53 rel=   1 maxN_s= 54  [    7 s]
A1.5_u15_q2500_r4: cap=  50 rel=   1 maxN_s= 50  [    7 s]
A1.75_u15_q2500_r0: cap=  49 rel=   7 maxN_s= 41  [    7 s]
A1.75_u15_q2500_r1: cap=  49 rel=   6 maxN_s= 42  [    7 s]
A1.75_u15_q2500_r2: cap=  45 rel=   6 maxN_s= 39  [    7 s]
A1.75_u15_q2500_r3: cap=  46 rel=   6 maxN_s= 39  [    7 s]
A1.75_u15_q2500_r4: cap=  51 rel=   4 maxN_s= 43  [    7 s]
A2_u15_q2500_r0: cap=  67 rel=  25 maxN_s= 26  [    7 s]
A2_u15_q2500_r1: cap=  70 rel=  26 maxN_s= 27  [    7 s]
A2_u15_q2500_r2: cap=  71 rel=  20 maxN_s= 27  [    7 s]
A2_u15_q2500_r3: cap=  64 rel=  24 maxN_s= 28  [    8 s]
A2_u15_q2500_r4: cap=  60 rel=  25 maxN_s= 30  [    8 s]
A2.25_u15_q2500_r0: cap=  62 rel=  28 maxN_s= 17  [    8 s]
A2.25_u15_q2500_r1: cap=  55 rel=  33 maxN_s= 17  [    8 s]
A2.25_u15_q2500_r2: cap=  44 rel=  27 maxN_s= 17  [    8 s]
A2.25_u15_q2500_r3: cap=  56 rel=  28 maxN_s= 19  [    8 s]
A2.25_u15_q2500_r4: cap=  57 rel=  28 maxN_s= 18  [    8 s]
A2.5_u15_q2500_r0: cap=  42 rel=  25 maxN_s= 10  [    8 s]
A2.5_u15_q2500_r1: cap=  36 rel=  25 maxN_s= 11  [    8 s]
A2.5_u15_q2500_r2: cap=  52 rel=  22 maxN_s= 17  [    8 s]
A2.5_u15_q2500_r3: cap=  41 rel=  28 maxN_s= 11  [    8 s]
A2.5_u15_q2500_r4: cap=  43 rel=  23 maxN_s= 12  [    8 s]
A3_u15_q2500_r0: cap=  30 rel=  22 maxN_s= 12  [    8 s]
A3_u15_q2500_r1: cap=  35 rel=  21 maxN_s= 15  [    8 s]
A3_u15_q2500_r2: cap=  31 rel=  23 maxN_s= 10  [    8 s]
A3_u15_q2500_r3: cap=  36 rel=  25 maxN_s= 16  [    8 s]
A3_u15_q2500_r4: cap=  37 rel=  25 maxN_s= 14  [    8 s]
A4_u15_q2500_r0: cap=  28 rel=  21 maxN_s= 10  [    9 s]
A4_u15_q2500_r1: cap=  32 rel=  23 maxN_s= 12  [    9 s]
A4_u15_q2500_r2: cap=  36 rel=  25 maxN_s= 13  [    9 s]
A4_u15_q2500_r3: cap=  39 rel=  25 maxN_s= 14  [    9 s]
A4_u15_q2500_r4: cap=  34 rel=  20 maxN_s= 14  [    9 s]
A5_u15_q2500_r0: cap=  35 rel=  22 maxN_s= 11  [    9 s]
A5_u15_q2500_r1: cap=  28 rel=  15 maxN_s= 13  [    9 s]
A5_u15_q2500_r2: cap=  34 rel=  21 maxN_s= 13  [    9 s]
A5_u15_q2500_r3: cap=  32 rel=  22 maxN_s= 10  [    9 s]
A5_u15_q2500_r4: cap=  29 rel=  20 maxN_s= 10  [    9 s]
A6_u15_q2500_r0: cap=  19 rel=  13 maxN_s=  6  [    9 s]
A6_u15_q2500_r1: cap=  31 rel=  20 maxN_s= 12  [    9 s]
A6_u15_q2500_r2: cap=  38 rel=  21 maxN_s= 10  [    9 s]
A6_u15_q2500_r3: cap=  16 rel=   9 maxN_s=  8  [    9 s]
A6_u15_q2500_r4: cap=  30 rel=  28 maxN_s=  7  [    9 s]
A7_u15_q2500_r0: cap=  19 rel=  10 maxN_s= 10  [    9 s]
A7_u15_q2500_r1: cap=  14 rel=   9 maxN_s=  7  [   10 s]
A7_u15_q2500_r2: cap=   8 rel=   8 maxN_s=  3  [   10 s]
A7_u15_q2500_r3: cap=  21 rel=  17 maxN_s=  7  [   10 s]
A7_u15_q2500_r4: cap=  28 rel=  21 maxN_s=  8  [   10 s]
A8_u15_q2500_r0: cap=  12 rel=  11 maxN_s=  2  [   10 s]
A8_u15_q2500_r1: cap=  13 rel=  13 maxN_s=  5  [   10 s]
A8_u15_q2500_r2: cap=  13 rel=  10 maxN_s=  6  [   10 s]
A8_u15_q2500_r3: cap=  18 rel=  17 maxN_s=  6  [   10 s]
A8_u15_q2500_r4: cap=  21 rel=  19 maxN_s=  4  [   10 s]
A9_u15_q2500_r0: cap=  20 rel=  12 maxN_s=  4  [   10 s]
A9_u15_q2500_r1: cap=  13 rel=  13 maxN_s=  4  [   10 s]
A9_u15_q2500_r2: cap=  19 rel=   9 maxN_s= 10  [   10 s]
A9_u15_q2500_r3: cap=  27 rel=  20 maxN_s=  6  [   10 s]
A9_u15_q2500_r4: cap=  39 rel=  31 maxN_s=  7  [   10 s]
A10_u15_q2500_r0: cap=  16 rel=  15 maxN_s=  1  [   10 s]
A10_u15_q2500_r1: cap=  12 rel=  11 maxN_s=  3  [   10 s]
A10_u15_q2500_r2: cap=   9 rel=   7 maxN_s=  1  [   11 s]
A10_u15_q2500_r3: cap=  18 rel=  16 maxN_s=  5  [   11 s]
A10_u15_q2500_r4: cap=  17 rel=  17 maxN_s=  4  [   11 s]
classification: 140 new runs, 28 scenarios
    A1_u15_q2000: cap= 168 rel=   3 chi_sync=0.53 kc=2.58e-02 [2.2e-02,3.0e-02] kr=3.57e-05 [0.0e+00,7.6e-05] mu=   0.3/h  omega=   736 [727,742] (omega_0=926)
  A1.5_u15_q2000: cap=  98 rel=  25 chi_sync=0.38 kc=2.14e-02 [1.7e-02,2.6e-02] kr=5.46e-04 [3.3e-04,7.6e-04] mu=   5.0/h  omega=   833 [830,838] (omega_0=926)
 A1.75_u15_q2000: cap=  89 rel=  33 chi_sync=0.28 kc=2.42e-02 [1.9e-02,2.9e-02] kr=1.05e-03 [6.9e-04,1.4e-03] mu=  10.5/h  omega=   854 [852,860] (omega_0=926)
    A2_u15_q2000: cap=  97 rel=  77 chi_sync=0.12 kc=3.89e-02 [3.1e-02,4.7e-02] kr=6.55e-03 [5.1e-03,8.0e-03] mu=  71.6/h  omega=   877 [874,882] (omega_0=926)
 A2.25_u15_q2000: cap=  61 rel=  48 chi_sync=0.05 kc=4.11e-02 [3.1e-02,5.1e-02] kr=1.12e-02 [8.0e-03,1.4e-02] mu= 126.1/h  omega=   886 [882,889] (omega_0=926)
  A2.5_u15_q2000: cap=  27 rel=  22 chi_sync=0.02 kc=2.40e-02 [1.5e-02,3.3e-02] kr=1.34e-02 [7.8e-03,1.9e-02] mu= 152.3/h  omega=   882 [874,889] (omega_0=926)
    A3_u15_q2000: cap=  11 rel=   9 chi_sync=0.01 kc=1.16e-02 [4.7e-03,1.8e-02] kr=1.51e-02 [5.2e-03,2.5e-02] mu= 170.5/h  omega=   880 [874,889] (omega_0=926)
    A4_u15_q2000: cap=   7 rel=   7 chi_sync=0.00 kc=8.37e-03 [2.2e-03,1.5e-02] kr=2.22e-02 [5.7e-03,3.9e-02] mu= 252.0/h  omega=   877 [874,882] (omega_0=926)
    A5_u15_q2000: cap=  12 rel=  10 chi_sync=0.01 kc=1.33e-02 [5.8e-03,2.1e-02] kr=2.12e-02 [8.0e-03,3.4e-02] mu= 240.0/h  omega=   877 [874,882] (omega_0=926)
    A6_u15_q2000: cap=  10 rel=   8 chi_sync=0.01 kc=1.07e-02 [4.1e-03,1.7e-02] kr=1.51e-02 [4.6e-03,2.6e-02] mu= 169.4/h  omega=   871 [867,882] (omega_0=926)
    A7_u15_q2000: cap=   6 rel=   6 chi_sync=0.00 kc=7.29e-03 [1.5e-03,1.3e-02] kr=2.38e-02 [4.7e-03,4.3e-02] mu= 270.0/h  omega=   865 [860,867] (omega_0=926)
    A8_u15_q2000: cap=   5 rel=   5 chi_sync=0.00 kc=6.30e-03 [7.8e-04,1.2e-02] kr=3.13e-02 [3.9e-03,5.9e-02] mu= 360.0/h  omega=   867 [860,882] (omega_0=926)
    A9_u15_q2000: cap=   6 rel=   5 chi_sync=0.00 kc=7.24e-03 [1.4e-03,1.3e-02] kr=2.63e-02 [3.3e-03,4.9e-02] mu= 300.0/h  omega=   860 [852,867] (omega_0=926)
   A10_u15_q2000: cap=   6 rel=   6 chi_sync=0.00 kc=7.84e-03 [1.6e-03,1.4e-02] kr=3.16e-02 [6.3e-03,5.7e-02] mu= 360.0/h  omega=   865 [860,874] (omega_0=926)
    A1_u15_q2500: cap= 398 rel=   0 chi_sync=0.61 kc=3.07e-02 [2.8e-02,3.4e-02] kr=0.00e+00 [0.0e+00,1.7e-05] mu=   0.0/h  omega=   708 [691,735] (omega_0=1158)
  A1.5_u15_q2500: cap= 258 rel=   3 chi_sync=0.51 kc=2.64e-02 [2.3e-02,3.0e-02] kr=3.12e-05 [0.0e+00,6.7e-05] mu=   0.2/h  omega=   827 [823,830] (omega_0=1158)
 A1.75_u15_q2500: cap= 240 rel=  29 chi_sync=0.45 kc=2.86e-02 [2.5e-02,3.2e-02] kr=3.89e-04 [2.5e-04,5.3e-04] mu=   2.1/h  omega=   855 [852,860] (omega_0=1158)
    A2_u15_q2500: cap= 332 rel= 120 chi_sync=0.27 kc=5.24e-02 [4.7e-02,5.8e-02] kr=2.95e-03 [2.4e-03,3.5e-03] mu=  17.1/h  omega=   882 [882,882] (omega_0=1158)
 A2.25_u15_q2500: cap= 274 rel= 144 chi_sync=0.18 kc=4.90e-02 [4.3e-02,5.5e-02] kr=4.78e-03 [4.0e-03,5.6e-03] mu=  32.6/h  omega=   885 [882,896] (omega_0=1158)
  A2.5_u15_q2500: cap= 214 rel= 123 chi_sync=0.11 kc=4.70e-02 [4.1e-02,5.3e-02] kr=6.44e-03 [5.3e-03,7.6e-03] mu=  45.7/h  omega=   888 [882,896] (omega_0=1158)
    A3_u15_q2500: cap= 169 rel= 116 chi_sync=0.14 kc=3.22e-02 [2.7e-02,3.7e-02] kr=4.69e-03 [3.8e-03,5.5e-03] mu=  33.9/h  omega=   882 [874,889] (omega_0=1158)
    A4_u15_q2500: cap= 169 rel= 114 chi_sync=0.13 kc=3.40e-02 [2.9e-02,3.9e-02] kr=4.84e-03 [3.9e-03,5.7e-03] mu=  36.8/h  omega=   876 [874,882] (omega_0=1158)
    A5_u15_q2500: cap= 158 rel= 100 chi_sync=0.10 kc=3.58e-02 [3.0e-02,4.1e-02] kr=5.27e-03 [4.2e-03,6.3e-03] mu=  40.7/h  omega=   861 [852,867] (omega_0=1158)
    A6_u15_q2500: cap= 134 rel=  91 chi_sync=0.06 kc=3.80e-02 [3.2e-02,4.4e-02] kr=7.10e-03 [5.6e-03,8.6e-03] mu=  58.8/h  omega=   860 [860,860] (omega_0=1158)
    A7_u15_q2500: cap=  90 rel=  65 chi_sync=0.04 kc=3.63e-02 [2.9e-02,4.4e-02] kr=9.78e-03 [7.4e-03,1.2e-02] mu=  86.0/h  omega=   854 [852,860] (omega_0=1158)
    A8_u15_q2500: cap=  77 rel=  70 chi_sync=0.02 kc=3.17e-02 [2.5e-02,3.9e-02] kr=1.28e-02 [9.8e-03,1.6e-02] mu= 128.6/h  omega=   849 [845,852] (omega_0=1158)
    A9_u15_q2500: cap= 118 rel=  85 chi_sync=0.03 kc=5.18e-02 [4.2e-02,6.1e-02] kr=1.60e-02 [1.3e-02,1.9e-02] mu= 141.0/h  omega=   845 [845,845] (omega_0=1158)
   A10_u15_q2500: cap=  72 rel=  66 chi_sync=0.02 kc=3.39e-02 [2.6e-02,4.2e-02] kr=1.56e-02 [1.2e-02,1.9e-02] mu= 162.7/h  omega=   845 [838,852] (omega_0=1158)
wrote /Users/yuanmingchen/Desktop/Research/SUMO/analysis/out/e4/kappa_vs_A.json /Users/yuanmingchen/Desktop/Research/SUMO/analysis/out/paper/fig_assertiveness.png /Users/yuanmingchen/Desktop/Research/SUMO/analysis/out/paper/captions_sweep.md
EXIT 0
