[stage a] A = [1, 2, 3, 4, 5, 6, 7, 8, 9, 10] on 10 processes
  A=6 C1: kc=3.934e+01 kr=3.295e+00 gamma=None ws=None W1=146.5 (classical 181.2)
  A=5 C1: kc=4.766e+01 kr=4.149e+00 gamma=None ws=None W1=139.4 (classical 173.9)
  A=8 C1: kc=9.524e-01 kr=7.770e-02 gamma=None ws=None W1=170.4 (classical 188.3)
  A=3 C1: kc=1.241e+01 kr=1.317e+00 gamma=None ws=None W1=148.9 (classical 167.3)
  A=2 C1: kc=1.094e-01 kr=9.192e-03 gamma=None ws=None W1=135.6 (classical 169.7)
  A=9 C1: kc=3.138e+01 kr=2.532e+00 gamma=None ws=None W1=151.7 (classical 187.6)
  A=1 C1: kc=1.408e-01 kr=9.276e-03 gamma=None ws=None W1=162.6 (classical 173.7)
  A=4 C1: kc=3.549e+01 kr=3.153e+00 gamma=None ws=None W1=140.1 (classical 172.7)
  A=7 C1: kc=5.464e+00 kr=4.597e-01 gamma=None ws=None W1=153.1 (classical 185.9)
  A=10 C1: kc=4.594e+00 kr=3.781e-01 gamma=None ws=None W1=157.2 (classical 190.4)
  A=6 C2: kc=6.412e-02 kr=7.045e-05 gamma=0.5233101394173261 ws=None W1=188.9 (classical 181.2)
  A=5 C2: kc=7.359e-02 kr=4.870e-05 gamma=0.3807089718031311 ws=None W1=178.2 (classical 173.9)
  A=8 C2: kc=6.457e-02 kr=6.711e-05 gamma=0.5259516043980083 ws=None W1=195.2 (classical 188.3)
  A=3 C2: kc=9.688e-02 kr=1.106e-04 gamma=0.21676327605039913 ws=None W1=151.4 (classical 167.3)
  A=4 C2: kc=9.023e-02 kr=2.143e-05 gamma=0.26126906388126714 ws=None W1=173.2 (classical 172.7)
  A=1 C2: kc=6.536e-02 kr=4.542e-04 gamma=0.6426809461210201 ws=None W1=169.4 (classical 173.7)
  A=9 C2: kc=6.742e-02 kr=5.376e-05 gamma=0.5032058981665679 ws=None W1=197.9 (classical 187.6)
  A=10 C2: kc=8.153e-02 kr=5.484e-05 gamma=0.383877743484226 ws=None W1=201.7 (classical 190.4)
  A=7 C2: kc=8.409e-02 kr=3.702e-04 gamma=0.3352232597315573 ws=None W1=187.6 (classical 185.9)
  A=2 C2: kc=5.888e-02 kr=7.836e-05 gamma=0.421031196019402 ws=None W1=136.9 (classical 169.7)
  A=8 C3: kc=7.611e-01 kr=7.658e-02 gamma=None ws=0.5 W1=167.9 (classical 188.3)
  A=5 C3: kc=4.052e+00 kr=3.682e-01 gamma=None ws=0.6466015813902672 W1=143.3 (classical 173.9)
  A=6 C3: kc=7.426e-01 kr=7.437e-02 gamma=None ws=0.5 W1=161.4 (classical 181.2)
  A=3 C3: kc=3.118e+00 kr=3.665e-01 gamma=None ws=0.5535646242950764 W1=140.6 (classical 167.3)
  A=1 C3: kc=4.625e-02 kr=5.681e-04 gamma=None ws=0.5998151363168716 W1=147.1 (classical 173.7)
  A=9 C3: kc=7.267e-01 kr=7.131e-02 gamma=None ws=0.5 W1=168.7 (classical 187.6)
  A=2 C3: kc=4.540e-02 kr=1.753e-03 gamma=None ws=0.6153073174637622 W1=127.0 (classical 169.7)
  A=4 C3: kc=4.192e+00 kr=3.909e-01 gamma=None ws=0.634155527762934 W1=141.8 (classical 172.7)
  A=10 C3: kc=7.357e-01 kr=7.155e-02 gamma=None ws=0.5 W1=171.3 (classical 190.4)
  A=7 C3: kc=3.949e+00 kr=3.537e-01 gamma=None ws=0.6372644997427981 W1=152.1 (classical 185.9)
  A=8 C4: kc=5.355e-02 kr=3.414e-05 gamma=0.5664158349749872 ws=0.5469629625337575 W1=180.3 (classical 188.3)
  A=5 C4: kc=6.036e-02 kr=1.080e-04 gamma=0.5206810981104473 ws=0.7291877016102548 W1=170.9 (classical 173.9)
  A=6 C4: kc=5.285e-02 kr=3.047e-05 gamma=0.5698736904159888 ws=0.5511353784022504 W1=175.1 (classical 181.2)
  A=3 C4: kc=5.060e-02 kr=4.537e-05 gamma=0.5469078565836305 ws=0.5911496971834582 W1=143.0 (classical 167.3)
  A=2 C4: kc=4.904e-02 kr=4.076e-05 gamma=0.5275739427507684 ws=0.5673167078544333 W1=126.7 (classical 169.7)
  A=9 C4: kc=5.357e-02 kr=3.228e-05 gamma=0.5560750246630051 ws=0.549850668077124 W1=183.4 (classical 187.6)
  A=1 C4: kc=5.642e-02 kr=4.360e-05 gamma=0.6570398311898775 ws=0.6087374383030455 W1=148.9 (classical 173.7)
  A=10 C4: kc=5.616e-02 kr=1.177e-04 gamma=0.5752626232654627 ws=0.6294059274817738 W1=190.4 (classical 190.4)
  A=4 C4: kc=4.986e-02 kr=7.064e-05 gamma=0.6039104029812741 ws=0.5978845967321824 W1=163.0 (classical 172.7)
  A=7 C4: kc=5.025e-02 kr=7.807e-06 gamma=0.5897004357630033 ws=0.5612010273116559 W1=175.1 (classical 185.9)
A=5 done: winner C3 (21.1 s)
A=8 done: winner C3 (21.1 s)
A=6 done: winner C1 (21.2 s)
A=3 done: winner C3 (21.2 s)
A=2 done: winner C3 (21.3 s)
A=1 done: winner C4 (21.4 s)
A=9 done: winner C1 (21.4 s)
A=10 done: winner C1 (21.4 s)
A=4 done: winner C3 (21.5 s)
A=7 done: winner C3 (21.6 s)
[stage a] wrote /Users/yuanmingchen/Desktop/Research/SUMO/analysis/out/e12/ladder.json
[stage b] M_none ...
[stage b] M_c ...
[stage b] M_r ...
[stage b] M_both (per-A 2-D polish) ...
[stage b] robustness w_s = 0.6 w ...
[stage b] RIDGE: the field cannot tell whether A acts through kappa_c or kappa_r (|M_c - M_r| < 1% of M_both); only the ratio kappa_c/kappa_r is identified (sum W1 dt=1: M_none 1605.4, M_c 1558.2, M_r 1558.4, M_both 1544.2; gap M_c-M_r = -0.26 veh km (-0.02% of M_both))
[stage b] wrote /Users/yuanmingchen/Desktop/Research/SUMO/analysis/out/e12/hypothesis.json (56.0 s)
[stage e] wrote /Users/yuanmingchen/Desktop/Research/SUMO/analysis/out/e12/extras.json (3.9 s)
wrote /Users/yuanmingchen/Desktop/Research/SUMO/analysis/out/e12/fig_e12_heat_q2500_A1-5.png
wrote /Users/yuanmingchen/Desktop/Research/SUMO/analysis/out/e12/fig_e12_heat_q2500_A6-10.png
wrote /Users/yuanmingchen/Desktop/Research/SUMO/analysis/out/e12/fig_e12_heat_q2000_A1-5.png
wrote /Users/yuanmingchen/Desktop/Research/SUMO/analysis/out/e12/fig_e12_heat_q2000_A6-10.png
wrote /Users/yuanmingchen/Desktop/Research/SUMO/analysis/out/e12/fig_e12_data_heat.png
wrote /Users/yuanmingchen/Desktop/Research/SUMO/analysis/out/e12/fig_e12_kappa_vs_A.png
wrote /Users/yuanmingchen/Desktop/Research/SUMO/analysis/out/e12/fig_e12_hypothesis.png
wrote /Users/yuanmingchen/Desktop/Research/SUMO/analysis/out/e12/fig_e12_profiles.png
wrote /Users/yuanmingchen/Desktop/Research/SUMO/analysis/out/e12/fig_e12_ridge.png
# E12 summary — pure E7 catch & release, A = 1..10

Structure: pure E7 catch & release: uncapped, lf capture form, optional gamma / w_s (state-only). Forbidden knobs: {'q_xi_max': 'off', 'downstream_release': 'off', 'eta_la': 'off', 's_impermeable': 'off'}. Classical: kappa=0 + DM-G cap Q_xi=2000 veh/h. Fit scenario u15/q2500; everything else zero-refit. Objective: mean W1 of cumulative densities, t in [100,1000] s, x <= 20 km, vs 5-run-mean field.

## 1. Per-A winner (E7 rule) and W1 on all four scenarios

| A | winner | kappa_c | kappa_r | gamma | w_s/w | W1 u15_q2500 cl / CR | W1 u15_q2000 cl / CR | W1 u20_q2000 cl / CR | W1 u20_q2500 cl / CR |
|---|---|---|---|---|---|---|---|---|---|
| 1 | C4 | 5.642e-02 | 4.360e-05 | 0.657 | 0.609 | 173.7 / 148.9 | 146.5 / 146.6 **(worse)** | 175.2 / 139.1 | 184.0 / 157.5 |
| 2 | C3 | 4.540e-02 | 1.753e-03 | - | 0.615 | 169.7 / 127.0 | 152.7 / 127.0 | 162.3 / 120.4 | 174.5 / 133.7 |
| 3 | C3 | 3.118e+00 | 3.665e-01 | - | 0.554 | 167.3 / 140.6 | 127.2 / 92.7 | 131.3 / 92.1 | 174.6 / 147.4 |
| 4 | C3 | 4.192e+00 | 3.909e-01 | - | 0.634 | 172.7 / 141.8 | 119.1 / 92.8 | 124.8 / 89.4 | 186.1 / 166.0 |
| 5 | C3 | 4.052e+00 | 3.682e-01 | - | 0.647 | 173.9 / 143.3 | 119.5 / 95.5 | 124.9 / 90.9 | 188.5 / 168.4 |
| 6 | C1 | 3.934e+01 | 3.295e+00 | - | - | 181.2 / 146.5 | 119.4 / 101.3 | 126.4 / 94.5 | 196.4 / 151.5 |
| 7 | C3 | 3.949e+00 | 3.537e-01 | - | 0.637 | 185.9 / 152.1 | 122.3 / 100.4 | 127.4 / 95.2 | 201.6 / 178.7 |
| 8 | C3 | 7.611e-01 | 7.658e-02 | - | 0.500 | 188.3 / 167.9 | 120.0 / 94.2 | 128.5 / 98.0 | 205.0 / 191.6 |
| 9 | C1 | 3.138e+01 | 2.532e+00 | - | - | 187.6 / 151.7 | 121.0 / 106.8 | 129.8 / 99.5 | 206.3 / 154.4 |
| 10 | C1 | 4.594e+00 | 3.781e-01 | - | - | 190.4 / 157.2 | 122.0 / 107.3 | 130.4 / 100.2 | 208.6 / 180.8 |

## 2. Per-A event metrics at u15 (classical / catch & release winner)

| A | e_s q2500 [%] | e_s q2000 [%] | omega err q2500 [%] | omega err q2000 [%] | wake q2500 (data) | wake q2000 (data) | N_s MAE q2500 | ds stuck 700 s (CR) |
|---|---|---|---|---|---|---|---|---|
| 1 | +5.8 / +3.0 | +3.5 / -4.1 | -2.5 / -9.9 | -6.2 / -13.8 | 68.4 / 56.1 (58.6) | 36.4 / 35.4 (42.3) | 40.2 / 13.3 | 10.4 % |
| 2 | -9.5 / +4.1 | -8.4 / -0.4 | -21.7 / -9.4 | -21.3 / -7.1 | 68.4 / 42.1 (62.9) | 36.4 / 25.6 (23.2) | 10.3 / 5.8 | 5.8 % |
| 3 | -8.2 / +9.7 | -9.9 / +6.4 | -21.7 / -22.2 | -21.6 / -17.6 | 68.4 / 48.4 (58.8) | 36.4 / 19.9 (23.7) | 5.0 / 10.7 | 0.0 % |
| 4 | -6.9 / +5.2 | -9.3 / +2.3 | -21.2 / -37.9 | -21.3 / -36.0 | 68.4 / 45.5 (57.1) | 36.4 / 22.3 (24.1) | 4.6 / 23.7 | 0.1 % |
| 5 | -6.7 / +4.7 | -7.7 / +3.3 | -19.9 / -38.0 | -21.3 / -37.3 | 68.4 / 43.7 (56.3) | 36.4 / 23.6 (25.7) | 3.6 / 27.2 | 0.1 % |
| 6 | -6.6 / +3.7 | -7.1 / +2.0 | -19.7 / -40.0 | -20.8 / -40.1 | 68.4 / 37.7 (56.8) | 36.4 / 28.8 (25.9) | 2.3 / 43.3 | 0.2 % |
| 7 | -6.1 / +4.5 | -7.6 / +2.6 | -19.2 / -37.9 | -20.3 / -37.1 | 68.4 / 43.2 (55.2) | 36.4 / 24.5 (25.2) | 1.1 / 31.4 | 0.1 % |
| 8 | -4.7 / +8.4 | -6.4 / +6.8 | -18.7 / -14.5 | -20.4 / -14.1 | 68.4 / 49.0 (55.3) | 36.4 / 20.9 (25.8) | 0.8 / 21.5 | 0.3 % |
| 9 | -5.3 / +3.5 | -6.3 / +0.8 | -18.3 / -39.4 | -19.7 / -40.4 | 68.4 / 36.9 (54.3) | 36.4 / 31.4 (26.7) | 0.9 / 50.3 | 0.7 % |
| 10 | -5.6 / +2.8 | -7.4 / +0.2 | -18.3 / -40.0 | -20.3 / -40.2 | 68.4 / 38.7 (55.4) | 36.4 / 30.6 (25.9) | 0.6 / 43.5 | 0.8 % |

## 3. Configuration comparison, W1 at q2500 (fit) / q2000 (transfer)

| A | classical | C1 | C2 | C3 | C4 |
|---|---|---|---|---|---|
| 1 | 173.7 / 146.5 | 162.6 / 138.3 | 169.4 / 146.0 | 147.1 / 142.8 | **148.9 / 146.6** |
| 2 | 169.7 / 152.7 | 135.6 / 120.1 | 136.9 / 133.1 | **127.0 / 127.0** | 126.7 / 133.7 |
| 3 | 167.3 / 127.2 | 148.9 / 92.9 | 151.4 / 114.2 | **140.6 / 92.7** | 143.0 / 111.3 |
| 4 | 172.7 / 119.1 | 140.1 / 95.0 | 173.2 / 110.0 | **141.8 / 92.8** | 163.0 / 106.7 |
| 5 | 173.9 / 119.5 | 139.4 / 97.6 | 178.2 / 110.9 | **143.3 / 95.5** | 170.9 / 111.2 |
| 6 | 181.2 / 119.4 | **146.5 / 101.3** | 188.9 / 115.1 | 161.4 / 92.2 | 175.1 / 110.5 |
| 7 | 185.9 / 122.3 | 153.1 / 105.2 | 187.6 / 110.8 | **152.1 / 100.4** | 175.1 / 109.9 |
| 8 | 188.3 / 120.0 | 170.4 / 106.5 | 195.2 / 116.7 | **167.9 / 94.2** | 180.3 / 111.1 |
| 9 | 187.6 / 121.0 | **151.7 / 106.8** | 197.9 / 119.2 | 168.7 / 95.6 | 183.4 / 111.1 |
| 10 | 190.4 / 122.0 | **157.2 / 107.3** | 201.7 / 121.4 | 171.3 / 96.5 | 190.4 / 114.1 |

## 4. C1 (kappa_c, kappa_r) ladder and rank correlations with A

| A | kappa_c | kappa_r | kappa_c/kappa_r | W1 q2500 | W1 q2000 | event kappa_c q2500 | event kappa_r q2500 |
|---|---|---|---|---|---|---|---|
| 1 | 1.408e-01 | 9.276e-03 | 15.18 | 162.6 | 138.3 | 3.073e-02 [2.8e-02, 3.4e-02] | 0.000e+00 [0.0e+00, 1.7e-05] |
| 2 | 1.094e-01 | 9.192e-03 | 11.90 | 135.6 | 120.1 | 5.243e-02 [4.7e-02, 5.8e-02] | 2.951e-03 [2.4e-03, 3.5e-03] |
| 3 | 1.241e+01 | 1.317e+00 | 9.42 | 148.9 | 92.9 | 3.220e-02 [2.7e-02, 3.7e-02] | 4.689e-03 [3.8e-03, 5.5e-03] |
| 4 | 3.549e+01 | 3.153e+00 | 11.25 | 140.1 | 95.0 | 3.397e-02 [2.9e-02, 3.9e-02] | 4.837e-03 [3.9e-03, 5.7e-03] |
| 5 | 4.766e+01 | 4.149e+00 | 11.49 | 139.4 | 97.6 | 3.577e-02 [3.0e-02, 4.1e-02] | 5.271e-03 [4.2e-03, 6.3e-03] |
| 6 | 3.934e+01 | 3.295e+00 | 11.94 | 146.5 | 101.3 | 3.800e-02 [3.2e-02, 4.4e-02] | 7.097e-03 [5.6e-03, 8.6e-03] |
| 7 | 5.464e+00 | 4.597e-01 | 11.89 | 153.1 | 105.2 | 3.627e-02 [2.9e-02, 4.4e-02] | 9.779e-03 [7.4e-03, 1.2e-02] |
| 8 | 9.524e-01 | 7.770e-02 | 12.26 | 170.4 | 106.5 | 3.171e-02 [2.5e-02, 3.9e-02] | 1.281e-02 [9.8e-03, 1.6e-02] |
| 9 | 3.138e+01 | 2.532e+00 | 12.40 | 151.7 | 106.8 | 5.185e-02 [4.2e-02, 6.1e-02] | 1.601e-02 [1.3e-02, 1.9e-02] |
| 10 | 4.594e+00 | 3.781e-01 | 12.15 | 157.2 | 107.3 | 3.393e-02 [2.6e-02, 4.2e-02] | 1.561e-02 [1.2e-02, 1.9e-02] |

Spearman rank correlation with A (rho, p):

| ladder | kappa_c | kappa_r | ratio |
|---|---|---|---|
| C1 | +0.21 (p = 0.556) | +0.21 (p = 0.556) | +0.27 (p = 0.446) |
| winner | +0.62 (p = 0.054) | +0.52 (p = 0.128) | - |
| M_c | +0.91 (p = 0.000) | - | - |
| M_r | - | -0.87 (p = 0.001) | - |
| events_u15_q2500 | +0.14 (p = 0.701) | +0.99 (p = 0.000) | - |
| events_u15_q2000 | -0.84 (p = 0.002) | +0.94 (p = 0.000) | - |

## 5. Nested shared-parameter models (objective = sum over A of W1 at u15/q2500)

| model | free per A | shared | n params | sum W1 dt=1 | sum W1 dt=0.5 | monotone? |
|---|---|---|---|---|---|---|
| M_none | none | kc = 4.510e+01, kr = 3.940e+00 | 2 | 1605.4 | 1529.3 | - |
| M_c | kappa_c | kr = 3.162e+00 | 11 | 1558.2 | 1505.8 | non-increasing: no |
| M_r | kappa_r | kc = 7.148e+01 | 11 | 1558.4 | 1505.9 | non-decreasing: no |
| M_both | both | - | 20 | 1544.2 | 1475.2 | - |
| M_none_ws | none (w_s = 0.6 w) | kc = 4.467e+01, kr = 4.107e+00 | 2 | 1548.7 | 1496.6 | - |
| M_c_ws | kappa_c (w_s = 0.6 w) | kr = 6.509e+00 | 11 | 1492.7 | 1442.3 | non-increasing: no |
| M_r_ws | kappa_r (w_s = 0.6 w) | kc = 1.995e+01 | 11 | 1492.7 | 1447.5 | non-decreasing: no |

Verdict: RIDGE: the field cannot tell whether A acts through kappa_c or kappa_r (|M_c - M_r| < 1% of M_both); only the ratio kappa_c/kappa_r is identified (sum W1 dt=1: M_none 1605.4, M_c 1558.2, M_r 1558.4, M_both 1544.2; gap M_c-M_r = -0.26 veh km (-0.02% of M_both)). Nestedness flags: {'none_ge_c': True, 'none_ge_r': True, 'c_ge_both': True, 'r_ge_both': True, 'none_ws_ge_c_ws': True, 'none_ws_ge_r_ws': True}.

Per-A ladders under the single-carrier models:

| A | M_c kappa_c | M_c W1 | M_r kappa_r | M_r W1 | M_both W1 | M_none W1 |
|---|---|---|---|---|---|---|
| 1 | 3.629e+01 | 173.0 | 6.216e+00 | 173.0 | 162.5 | 173.1 |
| 2 | 2.792e+01 | 137.7 | 8.153e+00 | 137.7 | 134.5 | 164.0 |
| 3 | 2.974e+01 | 142.8 | 7.614e+00 | 142.8 | 142.8 | 149.4 |
| 4 | 3.573e+01 | 150.8 | 6.331e+00 | 150.8 | 150.7 | 151.0 |
| 5 | 3.656e+01 | 151.5 | 6.243e+00 | 151.5 | 151.5 | 151.5 |
| 6 | 3.845e+01 | 158.3 | 5.984e+00 | 158.5 | 158.2 | 159.3 |
| 7 | 3.701e+01 | 161.0 | 6.150e+00 | 161.1 | 161.0 | 161.4 |
| 8 | 3.869e+01 | 160.9 | 5.820e+00 | 161.0 | 160.9 | 163.6 |
| 9 | 3.869e+01 | 160.3 | 5.803e+00 | 160.3 | 160.3 | 164.3 |
| 10 | 3.989e+01 | 161.8 | 5.670e+00 | 161.8 | 161.8 | 167.9 |

## 6. Identifiability of the C1 fit (6x6 grid, near-optimal set <= 3 % above the grid minimum)

| A | grid min W1 | n near-opt | extent log10 kappa_c | extent log10 kappa_r | extent log10 ratio |
|---|---|---|---|---|---|
| 1 | 168.3 | 4 | 1.2 | 2.8 | 1.6 |
| 2 | 138.0 | 1 | 0.0 | 0.0 | 0.0 |
| 3 | 145.5 | 1 | 0.0 | 0.0 | 0.0 |
| 4 | 158.7 | 1 | 0.0 | 0.0 | 0.0 |
| 5 | 162.9 | 2 | 0.6 | 0.7 | 0.1 |
| 6 | 174.4 | 2 | 0.6 | 0.7 | 0.1 |
| 7 | 173.4 | 1 | 0.0 | 0.0 | 0.0 |
| 8 | 180.5 | 2 | 0.6 | 0.7 | 0.1 |
| 9 | 179.9 | 1 | 0.0 | 0.0 | 0.0 |
| 10 | 183.2 | 1 | 0.0 | 0.0 | 0.0 |

## 7. Where catch & release (winner) is worse than the classical model

- u15_q2500: none (catch & release better at every A)
- u15_q2000: A = 1 (+0.03 veh km)
- u20_q2000: none (catch & release better at every A)
- u20_q2500: none (catch & release better at every A)

## 8. Event-based (E-V3/E4) kappas evaluated in the field without fitting, u15/q2500 (dt = 0.5)

| A | event kappa_c | event kappa_r | W1 C1 | W1 C1 + w_s = 0.6 w | W1 classical | W1 field-fit winner |
|---|---|---|---|---|---|---|
| 1 | 3.073e-02 | 0.000e+00 | 202.2 | 190.8 | 173.7 | 148.9 |
| 2 | 5.243e-02 | 2.951e-03 | 140.7 | 132.5 | 169.7 | 127.0 |
| 3 | 3.220e-02 | 4.689e-03 | 197.4 | 197.3 | 167.3 | 140.6 |
| 4 | 3.397e-02 | 4.837e-03 | 224.5 | 224.5 | 172.7 | 141.8 |
| 5 | 3.577e-02 | 5.271e-03 | 230.5 | 230.5 | 173.9 | 143.3 |
| 6 | 3.800e-02 | 7.097e-03 | 243.9 | 243.9 | 181.2 | 146.5 |
| 7 | 3.627e-02 | 9.779e-03 | 242.2 | 242.2 | 185.9 | 152.1 |
| 8 | 3.171e-02 | 1.281e-02 | 252.6 | 252.6 | 188.3 | 167.9 |
| 9 | 5.185e-02 | 1.601e-02 | 257.2 | 257.1 | 187.6 | 151.7 |
| 10 | 3.393e-02 | 1.561e-02 | 262.5 | 262.5 | 190.4 | 157.2 |

## 9. Identifiability scan: W1(kappa_c/kappa_r, kappa_r) at u15/q2500 (dt = 1)

| A | best (ratio, kappa_r) | min W1 | best ratio @ kappa_r=0.001 (W1) | best ratio @ kappa_r=0.01 (W1) | best ratio @ kappa_r=0.1 (W1) | best ratio @ kappa_r=1 (W1) | best ratio @ kappa_r=10 (W1) | slow kinetics better? | flat for kappa_r >= 0.1? |
|---|---|---|---|---|---|---|---|---|---|
| 1 | (56.2, 0.001) | 168.6 | 56.2 (168.6) | 17.8 (173.5) | 10.0 (183.1) | 10.0 (183.2) | 10.0 (183.3) | yes | yes |
| 2 | (10.0, 10) | 143.9 | 31.6 (154.0) | 10.0 (154.7) | 10.0 (144.0) | 10.0 (144.0) | 10.0 (143.9) | no | yes |
| 3 | (10.0, 10) | 144.7 | 56.2 (170.8) | 10.0 (177.5) | 10.0 (145.4) | 10.0 (144.8) | 10.0 (144.7) | no | yes |
| 4 | (10.0, 10) | 158.4 | 56.2 (183.4) | 17.8 (189.7) | 10.0 (159.5) | 10.0 (158.4) | 10.0 (158.4) | no | yes |
| 5 | (10.0, 1) | 163.2 | 56.2 (186.4) | 17.8 (190.6) | 10.0 (164.0) | 10.0 (163.2) | 10.0 (163.3) | no | yes |
| 6 | (10.0, 1) | 175.0 | 56.2 (194.2) | 17.8 (195.6) | 10.0 (175.7) | 10.0 (175.0) | 10.0 (175.1) | no | yes |
| 7 | (10.0, 1) | 173.4 | 56.2 (196.7) | 17.8 (201.3) | 10.0 (174.3) | 10.0 (173.4) | 10.0 (173.4) | no | yes |
| 8 | (10.0, 1) | 181.7 | 56.2 (200.4) | 17.8 (201.7) | 10.0 (182.3) | 10.0 (181.7) | 10.0 (181.8) | no | yes |
| 9 | (10.0, 1) | 186.8 | 56.2 (201.8) | 17.8 (200.3) | 10.0 (187.3) | 10.0 (186.8) | 10.0 (186.9) | no | yes |
| 10 | (10.0, 1) | 191.5 | 56.2 (206.1) | 17.8 (203.2) | 10.0 (192.1) | 10.0 (191.5) | 10.0 (191.6) | no | yes |

